// Vitest Snapshot v1, https://vitest.dev/guide/snapshot.html

exports[`Snapshots SongItem.vue > renders correctly 1`] = `
<li
  class="flex justify-between items-center p-3 pl-6 cursor-pointer transition duration-300 hover:bg-gray-50 example snapshot song-id-abc"
  id="song-id-abc"
>
  <div>
    <router-link-stub
      class="font-bold block text-gray-600"
      custom="false"
      to="[object Object]"
    />
    <span
      class="text-gray-500 text-sm"
    >
      test
    </span>
  </div>
  <div
    class="text-gray-600 text-lg"
  >
    <!-- by adding custom it tells router-link to give us complete control over the behavior of the element. Default behavior is to wrap with anchor tag -->
    <!-- we would need to tell the router when to redirect to the component -->
    <router-link-stub
      custom="true"
      to="[object Object]"
    />
  </div>
</li>
`;
